2026-08-07 10:12:41.585: [INFO] CurrentProfilePath: D:\test\CodeBuild\Luncher\app\WebView2Data\EBWebView\Default
2026-08-07 10:12:41.585: [INFO] Profiles total count: 1
2026-08-07 10:12:41.585: [INFO] Profile: name=用户配置 1 path=D:\test\CodeBuild\Luncher\app\WebView2Data\EBWebView\Default lastActive=null
2026-08-07 10:12:41.585: [INFO] LastUsedProfileDir: D:\test\CodeBuild\Luncher\app\WebView2Data\EBWebView\Default
2026-08-07 10:12:41.585: [INFO] OnDoneLoading sync enabled: 0
2026-08-07 10:12:41.585: [INFO] BookmarkModelLoaded, ids_reassigned: 0
2026-08-07 10:12:41.585: [INFO] BookmarksLoadDropped droppedNodes=0
2026-08-07 10:12:41.585: [INFO] BookmarksSnapshot Startup total=0 bar=0 other=0 mobile=0 showBar=0 showBarNTP=1
2026-08-07 10:14:01.332: [INFO] BookmarksSnapshot Shutdown total=0 bar=0 other=0 mobile=0 showBar=0 showBarNTP=1
2026-08-07 14:12:07.604: [INFO] CurrentProfilePath: D:\test\CodeBuild\Luncher\app\WebView2Data\EBWebView\Default
2026-08-07 14:12:07.604: [INFO] Profiles total count: 1
2026-08-07 14:12:07.604: [INFO] Profile: name=用户配置 1 path=D:\test\CodeBuild\Luncher\app\WebView2Data\EBWebView\Default lastActive=2026-08-07T10:13:57.449Z
2026-08-07 14:12:07.604: [INFO] LastUsedProfileDir: D:\test\CodeBuild\Luncher\app\WebView2Data\EBWebView\Default
2026-08-07 14:12:07.604: [INFO] MostRecentlyActiveProfile: name=用户配置 1 path=D:\test\CodeBuild\Luncher\app\WebView2Data\EBWebView\Default lastActive=2026-08-07T10:13:57.449Z
2026-08-07 14:12:07.604: [INFO] OnDoneLoading sync enabled: 0
2026-08-07 14:12:07.604: [INFO] BookmarkModelLoaded, ids_reassigned: 0
2026-08-07 14:12:07.604: [INFO] BookmarksLoadDropped droppedNodes=0
2026-08-07 14:12:07.604: [INFO] BookmarksSnapshot Startup total=0 bar=0 other=0 mobile=0 showBar=0 showBarNTP=1
2026-08-07 14:15:59.860: [INFO] BookmarksSnapshot Shutdown total=0 bar=0 other=0 mobile=0 showBar=0 showBarNTP=1
2026-08-07 14:17:03.398: [INFO] CurrentProfilePath: D:\test\CodeBuild\Luncher\app\WebView2Data\EBWebView\Default
2026-08-07 14:17:03.398: [INFO] Profiles total count: 1
2026-08-07 14:17:03.398: [INFO] Profile: name=用户配置 1 path=D:\test\CodeBuild\Luncher\app\WebView2Data\EBWebView\Default lastActive=2026-08-07T14:12:54.507Z
2026-08-07 14:17:03.398: [INFO] LastUsedProfileDir: D:\test\CodeBuild\Luncher\app\WebView2Data\EBWebView\Default
2026-08-07 14:17:03.398: [INFO] MostRecentlyActiveProfile: name=用户配置 1 path=D:\test\CodeBuild\Luncher\app\WebView2Data\EBWebView\Default lastActive=2026-08-07T14:12:54.507Z
2026-08-07 14:17:03.398: [INFO] OnDoneLoading sync enabled: 0
2026-08-07 14:17:03.398: [INFO] BookmarkModelLoaded, ids_reassigned: 0
2026-08-07 14:17:03.398: [INFO] BookmarksLoadDropped droppedNodes=0
2026-08-07 14:17:03.398: [INFO] BookmarksSnapshot Startup total=0 bar=0 other=0 mobile=0 showBar=0 showBarNTP=1
2026-08-07 14:17:50.101: [INFO] BookmarksSnapshot Shutdown total=0 bar=0 other=0 mobile=0 showBar=0 showBarNTP=1
2026-08-07 14:18:05.122: [INFO] CurrentProfilePath: D:\test\CodeBuild\Luncher\app\WebView2Data\EBWebView\Default
2026-08-07 14:18:05.122: [INFO] Profiles total count: 1
2026-08-07 14:18:05.122: [INFO] Profile: name=用户配置 1 path=D:\test\CodeBuild\Luncher\app\WebView2Data\EBWebView\Default lastActive=2026-08-07T14:17:49.200Z
2026-08-07 14:18:05.122: [INFO] LastUsedProfileDir: D:\test\CodeBuild\Luncher\app\WebView2Data\EBWebView\Default
2026-08-07 14:18:05.122: [INFO] MostRecentlyActiveProfile: name=用户配置 1 path=D:\test\CodeBuild\Luncher\app\WebView2Data\EBWebView\Default lastActive=2026-08-07T14:17:49.200Z
2026-08-07 14:18:05.122: [INFO] OnDoneLoading sync enabled: 0
2026-08-07 14:18:05.122: [INFO] BookmarkModelLoaded, ids_reassigned: 0
2026-08-07 14:18:05.122: [INFO] BookmarksLoadDropped droppedNodes=0
2026-08-07 14:18:05.122: [INFO] BookmarksSnapshot Startup total=0 bar=0 other=0 mobile=0 showBar=0 showBarNTP=1
2026-08-07 14:20:01.192: [INFO] BookmarksSnapshot Shutdown total=0 bar=0 other=0 mobile=0 showBar=0 showBarNTP=1
2026-08-07 14:21:46.797: [INFO] CurrentProfilePath: D:\test\CodeBuild\Luncher\app\WebView2Data\EBWebView\Default
2026-08-07 14:21:46.797: [INFO] Profiles total count: 1
2026-08-07 14:21:46.797: [INFO] Profile: name=用户配置 1 path=D:\test\CodeBuild\Luncher\app\WebView2Data\EBWebView\Default lastActive=2026-08-07T14:19:28.827Z
2026-08-07 14:21:46.797: [INFO] LastUsedProfileDir: D:\test\CodeBuild\Luncher\app\WebView2Data\EBWebView\Default
2026-08-07 14:21:46.797: [INFO] MostRecentlyActiveProfile: name=用户配置 1 path=D:\test\CodeBuild\Luncher\app\WebView2Data\EBWebView\Default lastActive=2026-08-07T14:19:28.827Z
2026-08-07 14:21:46.797: [INFO] OnDoneLoading sync enabled: 0
2026-08-07 14:21:46.797: [INFO] BookmarkModelLoaded, ids_reassigned: 0
2026-08-07 14:21:46.797: [INFO] BookmarksLoadDropped droppedNodes=0
2026-08-07 14:21:46.797: [INFO] BookmarksSnapshot Startup total=0 bar=0 other=0 mobile=0 showBar=0 showBarNTP=1
2026-08-07 14:22:48.403: [INFO] BookmarksSnapshot Shutdown total=0 bar=0 other=0 mobile=0 showBar=0 showBarNTP=1
2026-08-07 14:25:03.382: [INFO] CurrentProfilePath: D:\test\CodeBuild\Luncher\app\WebView2Data\EBWebView\Default
2026-08-07 14:25:03.382: [INFO] Profiles total count: 1
2026-08-07 14:25:03.382: [INFO] Profile: name=用户配置 1 path=D:\test\CodeBuild\Luncher\app\WebView2Data\EBWebView\Default lastActive=2026-08-07T14:22:37.873Z
2026-08-07 14:25:03.382: [INFO] LastUsedProfileDir: D:\test\CodeBuild\Luncher\app\WebView2Data\EBWebView\Default
2026-08-07 14:25:03.382: [INFO] MostRecentlyActiveProfile: name=用户配置 1 path=D:\test\CodeBuild\Luncher\app\WebView2Data\EBWebView\Default lastActive=2026-08-07T14:22:37.873Z
2026-08-07 14:25:03.382: [INFO] OnDoneLoading sync enabled: 0
2026-08-07 14:25:03.382: [INFO] BookmarkModelLoaded, ids_reassigned: 0
2026-08-07 14:25:03.382: [INFO] BookmarksLoadDropped droppedNodes=0
2026-08-07 14:25:03.382: [INFO] BookmarksSnapshot Startup total=0 bar=0 other=0 mobile=0 showBar=0 showBarNTP=1
2026-08-07 14:25:15.745: [INFO] BookmarksSnapshot Shutdown total=0 bar=0 other=0 mobile=0 showBar=0 showBarNTP=1
2026-08-07 14:26:21.862: [INFO] CurrentProfilePath: D:\test\CodeBuild\Luncher\app\WebView2Data\EBWebView\Default
2026-08-07 14:26:21.862: [INFO] Profiles total count: 1
2026-08-07 14:26:21.862: [INFO] Profile: name=用户配置 1 path=D:\test\CodeBuild\Luncher\app\WebView2Data\EBWebView\Default lastActive=2026-08-07T14:25:06.733Z
2026-08-07 14:26:21.862: [INFO] LastUsedProfileDir: D:\test\CodeBuild\Luncher\app\WebView2Data\EBWebView\Default
2026-08-07 14:26:21.862: [INFO] MostRecentlyActiveProfile: name=用户配置 1 path=D:\test\CodeBuild\Luncher\app\WebView2Data\EBWebView\Default lastActive=2026-08-07T14:25:06.733Z
2026-08-07 14:26:21.862: [INFO] OnDoneLoading sync enabled: 0
2026-08-07 14:26:21.862: [INFO] BookmarkModelLoaded, ids_reassigned: 0
2026-08-07 14:26:21.862: [INFO] BookmarksLoadDropped droppedNodes=0
2026-08-07 14:26:21.862: [INFO] BookmarksSnapshot Startup total=0 bar=0 other=0 mobile=0 showBar=0 showBarNTP=1
2026-08-07 14:26:32.559: [INFO] BookmarksSnapshot Shutdown total=0 bar=0 other=0 mobile=0 showBar=0 showBarNTP=1
2026-08-07 14:26:33.931: [INFO] CurrentProfilePath: D:\test\CodeBuild\Luncher\app\WebView2Data\EBWebView\Default
2026-08-07 14:26:33.931: [INFO] Profiles total count: 1
2026-08-07 14:26:33.931: [INFO] Profile: name=用户配置 1 path=D:\test\CodeBuild\Luncher\app\WebView2Data\EBWebView\Default lastActive=2026-08-07T14:26:25.115Z
2026-08-07 14:26:33.931: [INFO] LastUsedProfileDir: D:\test\CodeBuild\Luncher\app\WebView2Data\EBWebView\Default
2026-08-07 14:26:33.931: [INFO] MostRecentlyActiveProfile: name=用户配置 1 path=D:\test\CodeBuild\Luncher\app\WebView2Data\EBWebView\Default lastActive=2026-08-07T14:26:25.115Z
2026-08-07 14:26:33.931: [INFO] OnDoneLoading sync enabled: 0
2026-08-07 14:26:33.931: [INFO] BookmarkModelLoaded, ids_reassigned: 0
2026-08-07 14:26:33.931: [INFO] BookmarksLoadDropped droppedNodes=0
2026-08-07 14:26:33.931: [INFO] BookmarksSnapshot Startup total=0 bar=0 other=0 mobile=0 showBar=0 showBarNTP=1
2026-08-07 14:29:03.144: [INFO] BookmarksSnapshot Shutdown total=0 bar=0 other=0 mobile=0 showBar=0 showBarNTP=1
2026-08-07 14:29:04.264: [INFO] CurrentProfilePath: D:\test\CodeBuild\Luncher\app\WebView2Data\EBWebView\Default
2026-08-07 14:29:04.264: [INFO] Profiles total count: 1
2026-08-07 14:29:04.264: [INFO] Profile: name=用户配置 1 path=D:\test\CodeBuild\Luncher\app\WebView2Data\EBWebView\Default lastActive=2026-08-07T14:28:56.830Z
2026-08-07 14:29:04.264: [INFO] LastUsedProfileDir: D:\test\CodeBuild\Luncher\app\WebView2Data\EBWebView\Default
2026-08-07 14:29:04.264: [INFO] MostRecentlyActiveProfile: name=用户配置 1 path=D:\test\CodeBuild\Luncher\app\WebView2Data\EBWebView\Default lastActive=2026-08-07T14:28:56.830Z
2026-08-07 14:29:04.264: [INFO] OnDoneLoading sync enabled: 0
2026-08-07 14:29:04.264: [INFO] BookmarkModelLoaded, ids_reassigned: 0
2026-08-07 14:29:04.264: [INFO] BookmarksLoadDropped droppedNodes=0
2026-08-07 14:29:04.264: [INFO] BookmarksSnapshot Startup total=0 bar=0 other=0 mobile=0 showBar=0 showBarNTP=1
2026-08-07 14:31:35.083: [INFO] BookmarksSnapshot Shutdown total=0 bar=0 other=0 mobile=0 showBar=0 showBarNTP=1
2026-08-07 14:31:48.448: [INFO] CurrentProfilePath: D:\test\CodeBuild\Luncher\app\WebView2Data\EBWebView\Default
2026-08-07 14:31:48.448: [INFO] Profiles total count: 1
2026-08-07 14:31:48.448: [INFO] Profile: name=用户配置 1 path=D:\test\CodeBuild\Luncher\app\WebView2Data\EBWebView\Default lastActive=2026-08-07T14:30:39.015Z
2026-08-07 14:31:48.448: [INFO] LastUsedProfileDir: D:\test\CodeBuild\Luncher\app\WebView2Data\EBWebView\Default
2026-08-07 14:31:48.448: [INFO] MostRecentlyActiveProfile: name=用户配置 1 path=D:\test\CodeBuild\Luncher\app\WebView2Data\EBWebView\Default lastActive=2026-08-07T14:30:39.015Z
2026-08-07 14:31:48.448: [INFO] OnDoneLoading sync enabled: 0
2026-08-07 14:31:48.448: [INFO] BookmarkModelLoaded, ids_reassigned: 0
2026-08-07 14:31:48.448: [INFO] BookmarksLoadDropped droppedNodes=0
2026-08-07 14:31:48.448: [INFO] BookmarksSnapshot Startup total=0 bar=0 other=0 mobile=0 showBar=0 showBarNTP=1
2026-08-07 14:33:49.710: [INFO] BookmarksSnapshot Shutdown total=0 bar=0 other=0 mobile=0 showBar=0 showBarNTP=1
2026-08-07 14:33:50.975: [INFO] CurrentProfilePath: D:\test\CodeBuild\Luncher\app\WebView2Data\EBWebView\Default
2026-08-07 14:33:50.975: [INFO] Profiles total count: 1
2026-08-07 14:33:50.976: [INFO] Profile: name=用户配置 1 path=D:\test\CodeBuild\Luncher\app\WebView2Data\EBWebView\Default lastActive=2026-08-07T14:32:25.750Z
2026-08-07 14:33:50.976: [INFO] LastUsedProfileDir: D:\test\CodeBuild\Luncher\app\WebView2Data\EBWebView\Default
2026-08-07 14:33:50.976: [INFO] MostRecentlyActiveProfile: name=用户配置 1 path=D:\test\CodeBuild\Luncher\app\WebView2Data\EBWebView\Default lastActive=2026-08-07T14:32:25.750Z
2026-08-07 14:33:50.976: [INFO] OnDoneLoading sync enabled: 0
2026-08-07 14:33:50.976: [INFO] BookmarkModelLoaded, ids_reassigned: 0
2026-08-07 14:33:50.976: [INFO] BookmarksLoadDropped droppedNodes=0
2026-08-07 14:33:50.976: [INFO] BookmarksSnapshot Startup total=0 bar=0 other=0 mobile=0 showBar=0 showBarNTP=1
2026-08-07 14:35:49.627: [INFO] BookmarksSnapshot Shutdown total=0 bar=0 other=0 mobile=0 showBar=0 showBarNTP=1
2026-08-07 14:35:50.810: [INFO] CurrentProfilePath: D:\test\CodeBuild\Luncher\app\WebView2Data\EBWebView\Default
2026-08-07 14:35:50.810: [INFO] Profiles total count: 1
2026-08-07 14:35:50.810: [INFO] Profile: name=用户配置 1 path=D:\test\CodeBuild\Luncher\app\WebView2Data\EBWebView\Default lastActive=2026-08-07T14:35:19.331Z
2026-08-07 14:35:50.810: [INFO] LastUsedProfileDir: D:\test\CodeBuild\Luncher\app\WebView2Data\EBWebView\Default
2026-08-07 14:35:50.810: [INFO] MostRecentlyActiveProfile: name=用户配置 1 path=D:\test\CodeBuild\Luncher\app\WebView2Data\EBWebView\Default lastActive=2026-08-07T14:35:19.331Z
2026-08-07 14:35:50.810: [INFO] OnDoneLoading sync enabled: 0
2026-08-07 14:35:50.810: [INFO] BookmarkModelLoaded, ids_reassigned: 0
2026-08-07 14:35:50.810: [INFO] BookmarksLoadDropped droppedNodes=0
2026-08-07 14:35:50.810: [INFO] BookmarksSnapshot Startup total=0 bar=0 other=0 mobile=0 showBar=0 showBarNTP=1
2026-08-07 14:37:27.278: [INFO] BookmarksSnapshot Shutdown total=0 bar=0 other=0 mobile=0 showBar=0 showBarNTP=1
2026-08-07 14:37:38.657: [INFO] CurrentProfilePath: D:\test\CodeBuild\Luncher\app\WebView2Data\EBWebView\Default
2026-08-07 14:37:38.657: [INFO] Profiles total count: 1
2026-08-07 14:37:38.657: [INFO] Profile: name=用户配置 1 path=D:\test\CodeBuild\Luncher\app\WebView2Data\EBWebView\Default lastActive=2026-08-07T14:37:26.039Z
2026-08-07 14:37:38.657: [INFO] LastUsedProfileDir: D:\test\CodeBuild\Luncher\app\WebView2Data\EBWebView\Default
2026-08-07 14:37:38.657: [INFO] MostRecentlyActiveProfile: name=用户配置 1 path=D:\test\CodeBuild\Luncher\app\WebView2Data\EBWebView\Default lastActive=2026-08-07T14:37:26.039Z
2026-08-07 14:37:38.657: [INFO] OnDoneLoading sync enabled: 0
2026-08-07 14:37:38.657: [INFO] BookmarkModelLoaded, ids_reassigned: 0
2026-08-07 14:37:38.657: [INFO] BookmarksLoadDropped droppedNodes=0
2026-08-07 14:37:38.657: [INFO] BookmarksSnapshot Startup total=0 bar=0 other=0 mobile=0 showBar=0 showBarNTP=1
2026-08-07 14:40:20.208: [INFO] BookmarksSnapshot Shutdown total=0 bar=0 other=0 mobile=0 showBar=0 showBarNTP=1
2026-08-07 14:40:38.169: [INFO] CurrentProfilePath: D:\test\CodeBuild\Luncher\app\WebView2Data\EBWebView\Default
2026-08-07 14:40:38.169: [INFO] Profiles total count: 1
2026-08-07 14:40:38.169: [INFO] Profile: name=用户配置 1 path=D:\test\CodeBuild\Luncher\app\WebView2Data\EBWebView\Default lastActive=2026-08-07T14:39:49.540Z
2026-08-07 14:40:38.169: [INFO] LastUsedProfileDir: D:\test\CodeBuild\Luncher\app\WebView2Data\EBWebView\Default
2026-08-07 14:40:38.169: [INFO] MostRecentlyActiveProfile: name=用户配置 1 path=D:\test\CodeBuild\Luncher\app\WebView2Data\EBWebView\Default lastActive=2026-08-07T14:39:49.540Z
2026-08-07 14:40:38.169: [INFO] OnDoneLoading sync enabled: 0
2026-08-07 14:40:38.169: [INFO] BookmarkModelLoaded, ids_reassigned: 0
2026-08-07 14:40:38.169: [INFO] BookmarksLoadDropped droppedNodes=0
2026-08-07 14:40:38.169: [INFO] BookmarksSnapshot Startup total=0 bar=0 other=0 mobile=0 showBar=0 showBarNTP=1
2026-08-07 14:42:42.208: [INFO] BookmarksSnapshot Shutdown total=0 bar=0 other=0 mobile=0 showBar=0 showBarNTP=1
2026-08-07 14:42:43.382: [INFO] CurrentProfilePath: D:\test\CodeBuild\Luncher\app\WebView2Data\EBWebView\Default
2026-08-07 14:42:43.382: [INFO] Profiles total count: 1
2026-08-07 14:42:43.382: [INFO] Profile: name=用户配置 1 path=D:\test\CodeBuild\Luncher\app\WebView2Data\EBWebView\Default lastActive=2026-08-07T14:42:17.336Z
2026-08-07 14:42:43.382: [INFO] LastUsedProfileDir: D:\test\CodeBuild\Luncher\app\WebView2Data\EBWebView\Default
2026-08-07 14:42:43.382: [INFO] MostRecentlyActiveProfile: name=用户配置 1 path=D:\test\CodeBuild\Luncher\app\WebView2Data\EBWebView\Default lastActive=2026-08-07T14:42:17.336Z
2026-08-07 14:42:43.382: [INFO] OnDoneLoading sync enabled: 0
2026-08-07 14:42:43.382: [INFO] BookmarkModelLoaded, ids_reassigned: 0
2026-08-07 14:42:43.382: [INFO] BookmarksLoadDropped droppedNodes=0
2026-08-07 14:42:43.382: [INFO] BookmarksSnapshot Startup total=0 bar=0 other=0 mobile=0 showBar=0 showBarNTP=1
2026-08-07 14:43:47.090: [INFO] BookmarksSnapshot Shutdown total=0 bar=0 other=0 mobile=0 showBar=0 showBarNTP=1
2026-08-07 14:43:50.663: [INFO] CurrentProfilePath: D:\test\CodeBuild\Luncher\app\WebView2Data\EBWebView\Default
2026-08-07 14:43:50.663: [INFO] Profiles total count: 1
2026-08-07 14:43:50.663: [INFO] Profile: name=用户配置 1 path=D:\test\CodeBuild\Luncher\app\WebView2Data\EBWebView\Default lastActive=2026-08-07T14:43:44.864Z
2026-08-07 14:43:50.663: [INFO] LastUsedProfileDir: D:\test\CodeBuild\Luncher\app\WebView2Data\EBWebView\Default
2026-08-07 14:43:50.663: [INFO] MostRecentlyActiveProfile: name=用户配置 1 path=D:\test\CodeBuild\Luncher\app\WebView2Data\EBWebView\Default lastActive=2026-08-07T14:43:44.864Z
2026-08-07 14:43:50.663: [INFO] OnDoneLoading sync enabled: 0
2026-08-07 14:43:50.663: [INFO] BookmarkModelLoaded, ids_reassigned: 0
2026-08-07 14:43:50.663: [INFO] BookmarksLoadDropped droppedNodes=0
2026-08-07 14:43:50.663: [INFO] BookmarksSnapshot Startup total=0 bar=0 other=0 mobile=0 showBar=0 showBarNTP=1
2026-08-07 14:45:52.416: [INFO] BookmarksSnapshot Shutdown total=0 bar=0 other=0 mobile=0 showBar=0 showBarNTP=1
2026-08-07 14:45:53.608: [INFO] CurrentProfilePath: D:\test\CodeBuild\Luncher\app\WebView2Data\EBWebView\Default
2026-08-07 14:45:53.608: [INFO] Profiles total count: 1
2026-08-07 14:45:53.608: [INFO] Profile: name=用户配置 1 path=D:\test\CodeBuild\Luncher\app\WebView2Data\EBWebView\Default lastActive=2026-08-07T14:45:05.672Z
2026-08-07 14:45:53.608: [INFO] LastUsedProfileDir: D:\test\CodeBuild\Luncher\app\WebView2Data\EBWebView\Default
2026-08-07 14:45:53.608: [INFO] MostRecentlyActiveProfile: name=用户配置 1 path=D:\test\CodeBuild\Luncher\app\WebView2Data\EBWebView\Default lastActive=2026-08-07T14:45:05.672Z
2026-08-07 14:45:53.608: [INFO] OnDoneLoading sync enabled: 0
2026-08-07 14:45:53.608: [INFO] BookmarkModelLoaded, ids_reassigned: 0
2026-08-07 14:45:53.608: [INFO] BookmarksLoadDropped droppedNodes=0
2026-08-07 14:45:53.608: [INFO] BookmarksSnapshot Startup total=0 bar=0 other=0 mobile=0 showBar=0 showBarNTP=1
2026-08-07 14:53:55.352: [INFO] BookmarksSnapshot Shutdown total=0 bar=0 other=0 mobile=0 showBar=0 showBarNTP=1
2026-08-07 14:53:56.575: [INFO] CurrentProfilePath: D:\test\CodeBuild\Luncher\app\WebView2Data\EBWebView\Default
2026-08-07 14:53:56.575: [INFO] Profiles total count: 1
2026-08-07 14:53:56.575: [INFO] Profile: name=用户配置 1 path=D:\test\CodeBuild\Luncher\app\WebView2Data\EBWebView\Default lastActive=2026-08-07T14:51:36.535Z
2026-08-07 14:53:56.575: [INFO] LastUsedProfileDir: D:\test\CodeBuild\Luncher\app\WebView2Data\EBWebView\Default
2026-08-07 14:53:56.576: [INFO] MostRecentlyActiveProfile: name=用户配置 1 path=D:\test\CodeBuild\Luncher\app\WebView2Data\EBWebView\Default lastActive=2026-08-07T14:51:36.535Z
2026-08-07 14:53:56.576: [INFO] OnDoneLoading sync enabled: 0
2026-08-07 14:53:56.576: [INFO] BookmarkModelLoaded, ids_reassigned: 0
2026-08-07 14:53:56.576: [INFO] BookmarksLoadDropped droppedNodes=0
2026-08-07 14:53:56.576: [INFO] BookmarksSnapshot Startup total=0 bar=0 other=0 mobile=0 showBar=0 showBarNTP=1
2026-08-07 14:54:54.270: [INFO] BookmarksSnapshot Shutdown total=0 bar=0 other=0 mobile=0 showBar=0 showBarNTP=1
2026-08-07 14:55:08.393: [INFO] CurrentProfilePath: D:\test\CodeBuild\Luncher\app\WebView2Data\EBWebView\Default
2026-08-07 14:55:08.393: [INFO] Profiles total count: 1
2026-08-07 14:55:08.394: [INFO] Profile: name=用户配置 1 path=D:\test\CodeBuild\Luncher\app\WebView2Data\EBWebView\Default lastActive=2026-08-07T14:54:32.617Z
2026-08-07 14:55:08.394: [INFO] LastUsedProfileDir: D:\test\CodeBuild\Luncher\app\WebView2Data\EBWebView\Default
2026-08-07 14:55:08.394: [INFO] MostRecentlyActiveProfile: name=用户配置 1 path=D:\test\CodeBuild\Luncher\app\WebView2Data\EBWebView\Default lastActive=2026-08-07T14:54:32.617Z
2026-08-07 14:55:08.394: [INFO] OnDoneLoading sync enabled: 0
2026-08-07 14:55:08.394: [INFO] BookmarkModelLoaded, ids_reassigned: 0
2026-08-07 14:55:08.394: [INFO] BookmarksLoadDropped droppedNodes=0
2026-08-07 14:55:08.394: [INFO] BookmarksSnapshot Startup total=0 bar=0 other=0 mobile=0 showBar=0 showBarNTP=1
2026-08-07 14:56:31.605: [INFO] BookmarksSnapshot Shutdown total=0 bar=0 other=0 mobile=0 showBar=0 showBarNTP=1
2026-08-07 14:56:32.763: [INFO] CurrentProfilePath: D:\test\CodeBuild\Luncher\app\WebView2Data\EBWebView\Default
2026-08-07 14:56:32.763: [INFO] Profiles total count: 1
2026-08-07 14:56:32.763: [INFO] Profile: name=用户配置 1 path=D:\test\CodeBuild\Luncher\app\WebView2Data\EBWebView\Default lastActive=2026-08-07T14:55:27.235Z
2026-08-07 14:56:32.763: [INFO] LastUsedProfileDir: D:\test\CodeBuild\Luncher\app\WebView2Data\EBWebView\Default
2026-08-07 14:56:32.763: [INFO] MostRecentlyActiveProfile: name=用户配置 1 path=D:\test\CodeBuild\Luncher\app\WebView2Data\EBWebView\Default lastActive=2026-08-07T14:55:27.235Z
2026-08-07 14:56:32.763: [INFO] OnDoneLoading sync enabled: 0
2026-08-07 14:56:32.763: [INFO] BookmarkModelLoaded, ids_reassigned: 0
2026-08-07 14:56:32.763: [INFO] BookmarksLoadDropped droppedNodes=0
2026-08-07 14:56:32.763: [INFO] BookmarksSnapshot Startup total=0 bar=0 other=0 mobile=0 showBar=0 showBarNTP=1
2026-08-07 14:58:46.484: [INFO] BookmarksSnapshot Shutdown total=0 bar=0 other=0 mobile=0 showBar=0 showBarNTP=1
2026-08-07 14:58:54.327: [INFO] CurrentProfilePath: D:\test\CodeBuild\Luncher\app\WebView2Data\EBWebView\Default
2026-08-07 14:58:54.327: [INFO] Profiles total count: 1
2026-08-07 14:58:54.327: [INFO] Profile: name=用户配置 1 path=D:\test\CodeBuild\Luncher\app\WebView2Data\EBWebView\Default lastActive=2026-08-07T14:55:27.235Z
2026-08-07 14:58:54.327: [INFO] LastUsedProfileDir: D:\test\CodeBuild\Luncher\app\WebView2Data\EBWebView\Default
2026-08-07 14:58:54.327: [INFO] MostRecentlyActiveProfile: name=用户配置 1 path=D:\test\CodeBuild\Luncher\app\WebView2Data\EBWebView\Default lastActive=2026-08-07T14:55:27.235Z
2026-08-07 14:58:54.327: [INFO] OnDoneLoading sync enabled: 0
2026-08-07 14:58:54.327: [INFO] BookmarkModelLoaded, ids_reassigned: 0
2026-08-07 14:58:54.327: [INFO] BookmarksLoadDropped droppedNodes=0
2026-08-07 14:58:54.327: [INFO] BookmarksSnapshot Startup total=0 bar=0 other=0 mobile=0 showBar=0 showBarNTP=1
2026-08-07 14:59:17.447: [INFO] BookmarksSnapshot Shutdown total=0 bar=0 other=0 mobile=0 showBar=0 showBarNTP=1
2026-08-07 14:59:25.392: [INFO] CurrentProfilePath: D:\test\CodeBuild\Luncher\app\WebView2Data\EBWebView\Default
2026-08-07 14:59:25.392: [INFO] Profiles total count: 1
2026-08-07 14:59:25.392: [INFO] Profile: name=用户配置 1 path=D:\test\CodeBuild\Luncher\app\WebView2Data\EBWebView\Default lastActive=2026-08-07T14:55:27.235Z
2026-08-07 14:59:25.392: [INFO] LastUsedProfileDir: D:\test\CodeBuild\Luncher\app\WebView2Data\EBWebView\Default
2026-08-07 14:59:25.392: [INFO] MostRecentlyActiveProfile: name=用户配置 1 path=D:\test\CodeBuild\Luncher\app\WebView2Data\EBWebView\Default lastActive=2026-08-07T14:55:27.235Z
2026-08-07 14:59:25.392: [INFO] OnDoneLoading sync enabled: 0
2026-08-07 14:59:25.392: [INFO] BookmarkModelLoaded, ids_reassigned: 0
2026-08-07 14:59:25.392: [INFO] BookmarksLoadDropped droppedNodes=0
2026-08-07 14:59:25.392: [INFO] BookmarksSnapshot Startup total=0 bar=0 other=0 mobile=0 showBar=0 showBarNTP=1
2026-08-07 15:01:51.019: [INFO] BookmarksSnapshot Shutdown total=0 bar=0 other=0 mobile=0 showBar=0 showBarNTP=1
2026-08-07 15:01:52.147: [INFO] CurrentProfilePath: D:\test\CodeBuild\Luncher\app\WebView2Data\EBWebView\Default
2026-08-07 15:01:52.147: [INFO] Profiles total count: 1
2026-08-07 15:01:52.147: [INFO] Profile: name=用户配置 1 path=D:\test\CodeBuild\Luncher\app\WebView2Data\EBWebView\Default lastActive=2026-08-07T14:59:26.749Z
2026-08-07 15:01:52.147: [INFO] LastUsedProfileDir: D:\test\CodeBuild\Luncher\app\WebView2Data\EBWebView\Default
2026-08-07 15:01:52.147: [INFO] MostRecentlyActiveProfile: name=用户配置 1 path=D:\test\CodeBuild\Luncher\app\WebView2Data\EBWebView\Default lastActive=2026-08-07T14:59:26.749Z
2026-08-07 15:01:52.147: [INFO] OnDoneLoading sync enabled: 0
2026-08-07 15:01:52.147: [INFO] BookmarkModelLoaded, ids_reassigned: 0
2026-08-07 15:01:52.147: [INFO] BookmarksLoadDropped droppedNodes=0
2026-08-07 15:01:52.147: [INFO] BookmarksSnapshot Startup total=0 bar=0 other=0 mobile=0 showBar=0 showBarNTP=1
2026-08-07 15:04:36.824: [INFO] BookmarksSnapshot Shutdown total=0 bar=0 other=0 mobile=0 showBar=0 showBarNTP=1
2026-08-07 15:04:45.196: [INFO] CurrentProfilePath: D:\test\CodeBuild\Luncher\app\WebView2Data\EBWebView\Default
2026-08-07 15:04:45.196: [INFO] Profiles total count: 1
2026-08-07 15:04:45.196: [INFO] Profile: name=用户配置 1 path=D:\test\CodeBuild\Luncher\app\WebView2Data\EBWebView\Default lastActive=2026-08-07T15:04:18.263Z
2026-08-07 15:04:45.196: [INFO] LastUsedProfileDir: D:\test\CodeBuild\Luncher\app\WebView2Data\EBWebView\Default
2026-08-07 15:04:45.196: [INFO] MostRecentlyActiveProfile: name=用户配置 1 path=D:\test\CodeBuild\Luncher\app\WebView2Data\EBWebView\Default lastActive=2026-08-07T15:04:18.263Z
2026-08-07 15:04:45.196: [INFO] OnDoneLoading sync enabled: 0
2026-08-07 15:04:45.196: [INFO] BookmarkModelLoaded, ids_reassigned: 0
2026-08-07 15:04:45.196: [INFO] BookmarksLoadDropped droppedNodes=0
2026-08-07 15:04:45.196: [INFO] BookmarksSnapshot Startup total=0 bar=0 other=0 mobile=0 showBar=0 showBarNTP=1
2026-08-07 15:25:28.684: [INFO] BookmarksSnapshot Shutdown total=0 bar=0 other=0 mobile=0 showBar=0 showBarNTP=1
2026-08-07 15:25:29.913: [INFO] CurrentProfilePath: D:\test\CodeBuild\Luncher\app\WebView2Data\EBWebView\Default
2026-08-07 15:25:29.913: [INFO] Profiles total count: 1
2026-08-07 15:25:29.913: [INFO] Profile: name=用户配置 1 path=D:\test\CodeBuild\Luncher\app\WebView2Data\EBWebView\Default lastActive=2026-08-07T15:11:47.764Z
2026-08-07 15:25:29.913: [INFO] LastUsedProfileDir: D:\test\CodeBuild\Luncher\app\WebView2Data\EBWebView\Default
2026-08-07 15:25:29.913: [INFO] MostRecentlyActiveProfile: name=用户配置 1 path=D:\test\CodeBuild\Luncher\app\WebView2Data\EBWebView\Default lastActive=2026-08-07T15:11:47.764Z
2026-08-07 15:25:29.913: [INFO] OnDoneLoading sync enabled: 0
2026-08-07 15:25:29.913: [INFO] BookmarkModelLoaded, ids_reassigned: 0
2026-08-07 15:25:29.913: [INFO] BookmarksLoadDropped droppedNodes=0
2026-08-07 15:25:29.913: [INFO] BookmarksSnapshot Startup total=0 bar=0 other=0 mobile=0 showBar=0 showBarNTP=1
2026-08-07 15:35:06.417: [INFO] BookmarksSnapshot Shutdown total=0 bar=0 other=0 mobile=0 showBar=0 showBarNTP=1
2026-08-07 18:48:09.150: [INFO] CurrentProfilePath: D:\test\CodeBuild\Luncher\app\WebView2Data\EBWebView\Default
2026-08-07 18:48:09.150: [INFO] Profiles total count: 1
2026-08-07 18:48:09.150: [INFO] Profile: name=用户配置 1 path=D:\test\CodeBuild\Luncher\app\WebView2Data\EBWebView\Default lastActive=2026-08-07T15:35:06.296Z
2026-08-07 18:48:09.150: [INFO] LastUsedProfileDir: D:\test\CodeBuild\Luncher\app\WebView2Data\EBWebView\Default
2026-08-07 18:48:09.150: [INFO] MostRecentlyActiveProfile: name=用户配置 1 path=D:\test\CodeBuild\Luncher\app\WebView2Data\EBWebView\Default lastActive=2026-08-07T15:35:06.296Z
2026-08-07 18:48:09.150: [INFO] OnDoneLoading sync enabled: 0
2026-08-07 18:48:09.150: [INFO] BookmarkModelLoaded, ids_reassigned: 0
2026-08-07 18:48:09.150: [INFO] BookmarksLoadDropped droppedNodes=0
2026-08-07 18:48:09.150: [INFO] BookmarksSnapshot Startup total=0 bar=0 other=0 mobile=0 showBar=0 showBarNTP=1
2026-08-07 18:49:27.757: [INFO] BookmarksSnapshot Shutdown total=0 bar=0 other=0 mobile=0 showBar=0 showBarNTP=1
2026-08-07 18:49:41.883: [INFO] CurrentProfilePath: D:\test\CodeBuild\Luncher\app\WebView2Data\EBWebView\Default
2026-08-07 18:49:41.883: [INFO] Profiles total count: 1
2026-08-07 18:49:41.883: [INFO] Profile: name=用户配置 1 path=D:\test\CodeBuild\Luncher\app\WebView2Data\EBWebView\Default lastActive=2026-08-07T18:49:24.919Z
2026-08-07 18:49:41.883: [INFO] LastUsedProfileDir: D:\test\CodeBuild\Luncher\app\WebView2Data\EBWebView\Default
2026-08-07 18:49:41.883: [INFO] MostRecentlyActiveProfile: name=用户配置 1 path=D:\test\CodeBuild\Luncher\app\WebView2Data\EBWebView\Default lastActive=2026-08-07T18:49:24.919Z
2026-08-07 18:49:41.883: [INFO] OnDoneLoading sync enabled: 0
2026-08-07 18:49:41.883: [INFO] BookmarkModelLoaded, ids_reassigned: 0
2026-08-07 18:49:41.883: [INFO] BookmarksLoadDropped droppedNodes=0
2026-08-07 18:49:41.883: [INFO] BookmarksSnapshot Startup total=0 bar=0 other=0 mobile=0 showBar=0 showBarNTP=1
2026-08-07 18:52:16.515: [INFO] BookmarksSnapshot Shutdown total=0 bar=0 other=0 mobile=0 showBar=0 showBarNTP=1
